// Jest Snapshot v1, https://goo.gl/fbAQLP

exports[`matches snapshot 1`] = `
<DocumentFragment>
  <div
    class="Box"
  >
    <div
      class="Box-color"
      style="width: 100px; height: 100px;"
    />
    <button
      class="BoxRemove-btn"
    >
      X
    </button>
  </div>
</DocumentFragment>
`;
